// Jest Snapshot v1, https://goo.gl/fbAQLP

exports[`<Card /> 1`] = `
<DocumentFragment>
  <div
    class="card "
  />
</DocumentFragment>
`;
