// Jest Snapshot v1, https://goo.gl/fbAQLP

exports[`<UserDiscoverModal /> match snapshot 1`] = `<DocumentFragment />`;
